[2026-04-07 10:09:38] === SCRIPT START ===
[2026-04-07 10:09:38] Request URI: /responsive-message-app/modules/admin/dashboard.php
[2026-04-07 10:09:38] Request Method: GET
[2026-04-07 10:09:38] GET Parameters: Array
(
)

[2026-04-07 10:09:38] Core files loaded
[2026-04-07 10:09:38] Auth check passed
[2026-04-07 10:09:38] User session data - DATA: Array
(
    [user_type] => Admin
    [privilege_level] => Full_Access
    [session_id] => 29pu50hhmt71atm8r9a9lsceou
    [session_data] => Array
        (
            [last_regeneration] => 1775531296
            [form_unique_id] => d87d0846cdd930a190e2ebb711637fa0
            [processed_messages] => Array
                (
                )

            [csrf_token] => 921da64f81837e77c6b8238183fc1556f421917931ce3ba9e769c04f290b276b
            [login_attempts] => 0
            [user_id] => 1
            [username] => admin
            [user_type] => Admin
            [nama_lengkap] => Administrator Sistem
            [email] => admin@smkn12jakarta.sch.id
            [nis_nip] => ADM001
            [kelas] => 
            [jurusan] => 
            [mata_pelajaran] => 
            [privilege_level] => Full_Access
            [phone_number] => 081234567890
            [avatar] => default-avatar.png
            [login_time] => 1775531378
        )

)

[2026-04-07 10:09:38] Library check - DATA: Array
(
    [pdf_library_available] => YES
    [pdf_path] => C:\xampp\htdocs\responsive-message-app\vendor\fpdf\fpdf.php
    [excel_library_available] => YES
    [excel_path] => C:\xampp\htdocs\responsive-message-app\vendor\phpoffice\phpspreadsheet\src\PhpSpreadsheet\Spreadsheet.php
    [vendor_autoload_exists] => YES
)

[2026-04-07 10:09:38] Attempting database connection
[2026-04-07 10:09:38] Database connected successfully
[2026-04-07 10:09:38] Total users: 60
[2026-04-07 10:09:38] Total messages: 10
[2026-04-07 10:09:38] Pending messages: 1
[2026-04-07 10:09:38] Expired messages: 0
[2026-04-07 10:09:38] Recent messages count: 10
[2026-04-07 10:09:38] Message stats count: 13
[2026-04-07 10:09:38] User growth data count: 0
[2026-04-07 10:09:38] Message status data count: 4
[2026-04-07 10:09:38] Daily messages data count: 0
[2026-04-07 10:09:38] Users by type data count: 12
[2026-04-07 10:09:38] Top users count: 5
[2026-04-07 10:09:38] Response stats - DATA: Array
(
    [total_messages] => 0
    [responded] => 
    [response_rate] => 
)

[2026-04-07 10:09:38] === CHECKING EXPORT PARAMETERS ===
[2026-04-07 10:09:38] GET export parameter: NOT SET
[2026-04-07 10:09:38] No export parameter detected, rendering normal dashboard
[2026-04-07 10:09:38] === SCRIPT END ===
[2026-04-07 10:17:25] === SCRIPT START ===
[2026-04-07 10:17:25] Request URI: /responsive-message-app/modules/admin/dashboard.php
[2026-04-07 10:17:25] Request Method: GET
[2026-04-07 10:17:25] GET Parameters: Array
(
)

[2026-04-07 10:17:25] Core files loaded
[2026-04-07 10:17:25] Auth check passed
[2026-04-07 10:17:25] User session data - DATA: Array
(
    [user_type] => Admin
    [privilege_level] => Full_Access
    [session_id] => 5avmrgabtpedfd0411002ndujm
    [session_data] => Array
        (
            [last_regeneration] => 1775531840
            [form_unique_id] => d87d0846cdd930a190e2ebb711637fa0
            [processed_messages] => Array
                (
                )

            [csrf_token] => 921da64f81837e77c6b8238183fc1556f421917931ce3ba9e769c04f290b276b
            [login_attempts] => 0
            [user_id] => 1
            [username] => admin
            [user_type] => Admin
            [nama_lengkap] => Administrator Sistem
            [email] => admin@smkn12jakarta.sch.id
            [nis_nip] => ADM001
            [kelas] => 
            [jurusan] => 
            [mata_pelajaran] => 
            [privilege_level] => Full_Access
            [phone_number] => 081234567890
            [avatar] => default-avatar.png
            [login_time] => 1775531845
        )

)

[2026-04-07 10:17:25] Library check - DATA: Array
(
    [pdf_library_available] => YES
    [pdf_path] => C:\xampp\htdocs\responsive-message-app\vendor\fpdf\fpdf.php
    [excel_library_available] => YES
    [excel_path] => C:\xampp\htdocs\responsive-message-app\vendor\phpoffice\phpspreadsheet\src\PhpSpreadsheet\Spreadsheet.php
    [vendor_autoload_exists] => YES
)

[2026-04-07 10:17:25] Attempting database connection
[2026-04-07 10:17:25] Database connected successfully
[2026-04-07 10:17:25] Total users: 60
[2026-04-07 10:17:25] Total messages: 10
[2026-04-07 10:17:25] Pending messages: 1
[2026-04-07 10:17:25] Expired messages: 0
[2026-04-07 10:17:25] Recent messages count: 10
[2026-04-07 10:17:25] Message stats count: 13
[2026-04-07 10:17:25] User growth data count: 0
[2026-04-07 10:17:25] Message status data count: 4
[2026-04-07 10:17:25] Daily messages data count: 0
[2026-04-07 10:17:25] Users by type data count: 12
[2026-04-07 10:17:25] Top users count: 5
[2026-04-07 10:17:25] Response stats - DATA: Array
(
    [total_messages] => 0
    [responded] => 
    [response_rate] => 
)

[2026-04-07 10:17:25] === CHECKING EXPORT PARAMETERS ===
[2026-04-07 10:17:25] GET export parameter: NOT SET
[2026-04-07 10:17:25] No export parameter detected, rendering normal dashboard
[2026-04-07 10:17:25] === SCRIPT END ===
[2026-04-07 10:19:36] === SCRIPT START ===
[2026-04-07 10:19:36] Request URI: /responsive-message-app/modules/admin/dashboard.php
[2026-04-07 10:19:36] Request Method: GET
[2026-04-07 10:19:36] GET Parameters: Array
(
)

[2026-04-07 10:19:36] Core files loaded
[2026-04-07 10:19:36] Auth check passed
[2026-04-07 10:19:36] User session data - DATA: Array
(
    [user_type] => Admin
    [privilege_level] => Full_Access
    [session_id] => 5avmrgabtpedfd0411002ndujm
    [session_data] => Array
        (
            [last_regeneration] => 1775531840
            [form_unique_id] => d87d0846cdd930a190e2ebb711637fa0
            [processed_messages] => Array
                (
                )

            [csrf_token] => 921da64f81837e77c6b8238183fc1556f421917931ce3ba9e769c04f290b276b
            [login_attempts] => 0
            [user_id] => 1
            [username] => admin
            [user_type] => Admin
            [nama_lengkap] => Administrator Sistem
            [email] => admin@smkn12jakarta.sch.id
            [nis_nip] => ADM001
            [kelas] => 
            [jurusan] => 
            [mata_pelajaran] => 
            [privilege_level] => Full_Access
            [phone_number] => 081234567890
            [avatar] => default-avatar.png
            [login_time] => 1775531976
        )

)

[2026-04-07 10:19:36] Library check - DATA: Array
(
    [pdf_library_available] => YES
    [pdf_path] => C:\xampp\htdocs\responsive-message-app\vendor\fpdf\fpdf.php
    [excel_library_available] => YES
    [excel_path] => C:\xampp\htdocs\responsive-message-app\vendor\phpoffice\phpspreadsheet\src\PhpSpreadsheet\Spreadsheet.php
    [vendor_autoload_exists] => YES
)

[2026-04-07 10:19:36] Attempting database connection
[2026-04-07 10:19:36] Database connected successfully
[2026-04-07 10:19:36] Total users: 60
[2026-04-07 10:19:36] Total messages: 10
[2026-04-07 10:19:36] Pending messages: 1
[2026-04-07 10:19:36] Expired messages: 0
[2026-04-07 10:19:36] Recent messages count: 10
[2026-04-07 10:19:36] Message stats count: 13
[2026-04-07 10:19:36] User growth data count: 0
[2026-04-07 10:19:36] Message status data count: 4
[2026-04-07 10:19:36] Daily messages data count: 0
[2026-04-07 10:19:36] Users by type data count: 12
[2026-04-07 10:19:36] Top users count: 5
[2026-04-07 10:19:36] Response stats - DATA: Array
(
    [total_messages] => 0
    [responded] => 
    [response_rate] => 
)

[2026-04-07 10:19:36] === CHECKING EXPORT PARAMETERS ===
[2026-04-07 10:19:36] GET export parameter: NOT SET
[2026-04-07 10:19:36] No export parameter detected, rendering normal dashboard
[2026-04-07 10:19:36] === SCRIPT END ===
[2026-04-07 10:19:56] === SCRIPT START ===
[2026-04-07 10:19:56] Request URI: /responsive-message-app/modules/admin/dashboard.php
[2026-04-07 10:19:56] Request Method: GET
[2026-04-07 10:19:56] GET Parameters: Array
(
)

[2026-04-07 10:19:56] Core files loaded
[2026-04-07 10:19:56] Auth check passed
[2026-04-07 10:19:56] User session data - DATA: Array
(
    [user_type] => Admin
    [privilege_level] => Full_Access
    [session_id] => 5avmrgabtpedfd0411002ndujm
    [session_data] => Array
        (
            [last_regeneration] => 1775531840
            [form_unique_id] => d87d0846cdd930a190e2ebb711637fa0
            [processed_messages] => Array
                (
                )

            [csrf_token] => 921da64f81837e77c6b8238183fc1556f421917931ce3ba9e769c04f290b276b
            [login_attempts] => 0
            [user_id] => 1
            [username] => admin
            [user_type] => Admin
            [nama_lengkap] => Administrator Sistem
            [email] => admin@smkn12jakarta.sch.id
            [nis_nip] => ADM001
            [kelas] => 
            [jurusan] => 
            [mata_pelajaran] => 
            [privilege_level] => Full_Access
            [phone_number] => 081234567890
            [avatar] => default-avatar.png
            [login_time] => 1775531996
        )

)

[2026-04-07 10:19:56] Library check - DATA: Array
(
    [pdf_library_available] => YES
    [pdf_path] => C:\xampp\htdocs\responsive-message-app\vendor\fpdf\fpdf.php
    [excel_library_available] => YES
    [excel_path] => C:\xampp\htdocs\responsive-message-app\vendor\phpoffice\phpspreadsheet\src\PhpSpreadsheet\Spreadsheet.php
    [vendor_autoload_exists] => YES
)

[2026-04-07 10:19:56] Attempting database connection
[2026-04-07 10:19:56] Database connected successfully
[2026-04-07 10:19:56] Total users: 60
[2026-04-07 10:19:56] Total messages: 10
[2026-04-07 10:19:56] Pending messages: 1
[2026-04-07 10:19:56] Expired messages: 0
[2026-04-07 10:19:56] Recent messages count: 10
[2026-04-07 10:19:56] Message stats count: 13
[2026-04-07 10:19:56] User growth data count: 0
[2026-04-07 10:19:56] Message status data count: 4
[2026-04-07 10:19:56] Daily messages data count: 0
[2026-04-07 10:19:56] Users by type data count: 12
[2026-04-07 10:19:56] Top users count: 5
[2026-04-07 10:19:56] Response stats - DATA: Array
(
    [total_messages] => 0
    [responded] => 
    [response_rate] => 
)

[2026-04-07 10:19:56] === CHECKING EXPORT PARAMETERS ===
[2026-04-07 10:19:56] GET export parameter: NOT SET
[2026-04-07 10:19:56] No export parameter detected, rendering normal dashboard
[2026-04-07 10:19:56] === SCRIPT END ===
[2026-04-07 10:20:23] === SCRIPT START ===
[2026-04-07 10:20:23] Request URI: /responsive-message-app/modules/admin/dashboard.php
[2026-04-07 10:20:23] Request Method: GET
[2026-04-07 10:20:23] GET Parameters: Array
(
)

[2026-04-07 10:20:23] Core files loaded
[2026-04-07 10:20:23] Auth check passed
[2026-04-07 10:20:23] User session data - DATA: Array
(
    [user_type] => Admin
    [privilege_level] => Full_Access
    [session_id] => 5avmrgabtpedfd0411002ndujm
    [session_data] => Array
        (
            [last_regeneration] => 1775531840
            [form_unique_id] => d87d0846cdd930a190e2ebb711637fa0
            [processed_messages] => Array
                (
                )

            [csrf_token] => 921da64f81837e77c6b8238183fc1556f421917931ce3ba9e769c04f290b276b
            [login_attempts] => 0
            [user_id] => 1
            [username] => admin
            [user_type] => Admin
            [nama_lengkap] => Administrator Sistem
            [email] => admin@smkn12jakarta.sch.id
            [nis_nip] => ADM001
            [kelas] => 
            [jurusan] => 
            [mata_pelajaran] => 
            [privilege_level] => Full_Access
            [phone_number] => 081234567890
            [avatar] => default-avatar.png
            [login_time] => 1775532023
        )

)

[2026-04-07 10:20:23] Library check - DATA: Array
(
    [pdf_library_available] => YES
    [pdf_path] => C:\xampp\htdocs\responsive-message-app\vendor\fpdf\fpdf.php
    [excel_library_available] => YES
    [excel_path] => C:\xampp\htdocs\responsive-message-app\vendor\phpoffice\phpspreadsheet\src\PhpSpreadsheet\Spreadsheet.php
    [vendor_autoload_exists] => YES
)

[2026-04-07 10:20:23] Attempting database connection
[2026-04-07 10:20:23] Database connected successfully
[2026-04-07 10:20:23] Total users: 60
[2026-04-07 10:20:23] Total messages: 10
[2026-04-07 10:20:23] Pending messages: 1
[2026-04-07 10:20:23] Expired messages: 0
[2026-04-07 10:20:23] Recent messages count: 10
[2026-04-07 10:20:23] Message stats count: 13
[2026-04-07 10:20:23] User growth data count: 0
[2026-04-07 10:20:23] Message status data count: 4
[2026-04-07 10:20:23] Daily messages data count: 0
[2026-04-07 10:20:23] Users by type data count: 12
[2026-04-07 10:20:23] Top users count: 5
[2026-04-07 10:20:23] Response stats - DATA: Array
(
    [total_messages] => 0
    [responded] => 
    [response_rate] => 
)

[2026-04-07 10:20:23] === CHECKING EXPORT PARAMETERS ===
[2026-04-07 10:20:23] GET export parameter: NOT SET
[2026-04-07 10:20:23] No export parameter detected, rendering normal dashboard
[2026-04-07 10:20:23] === SCRIPT END ===
[2026-04-07 10:20:29] === SCRIPT START ===
[2026-04-07 10:20:29] Request URI: /responsive-message-app/modules/admin/dashboard.php
[2026-04-07 10:20:29] Request Method: GET
[2026-04-07 10:20:29] GET Parameters: Array
(
)

[2026-04-07 10:20:29] Core files loaded
[2026-04-07 10:20:29] Auth check passed
[2026-04-07 10:20:29] User session data - DATA: Array
(
    [user_type] => Admin
    [privilege_level] => Full_Access
    [session_id] => 5avmrgabtpedfd0411002ndujm
    [session_data] => Array
        (
            [last_regeneration] => 1775531840
            [form_unique_id] => d87d0846cdd930a190e2ebb711637fa0
            [processed_messages] => Array
                (
                )

            [csrf_token] => 921da64f81837e77c6b8238183fc1556f421917931ce3ba9e769c04f290b276b
            [login_attempts] => 0
            [user_id] => 1
            [username] => admin
            [user_type] => Admin
            [nama_lengkap] => Administrator Sistem
            [email] => admin@smkn12jakarta.sch.id
            [nis_nip] => ADM001
            [kelas] => 
            [jurusan] => 
            [mata_pelajaran] => 
            [privilege_level] => Full_Access
            [phone_number] => 081234567890
            [avatar] => default-avatar.png
            [login_time] => 1775532029
        )

)

[2026-04-07 10:20:29] Library check - DATA: Array
(
    [pdf_library_available] => YES
    [pdf_path] => C:\xampp\htdocs\responsive-message-app\vendor\fpdf\fpdf.php
    [excel_library_available] => YES
    [excel_path] => C:\xampp\htdocs\responsive-message-app\vendor\phpoffice\phpspreadsheet\src\PhpSpreadsheet\Spreadsheet.php
    [vendor_autoload_exists] => YES
)

[2026-04-07 10:20:29] Attempting database connection
[2026-04-07 10:20:29] Database connected successfully
[2026-04-07 10:20:29] Total users: 60
[2026-04-07 10:20:29] Total messages: 10
[2026-04-07 10:20:29] Pending messages: 1
[2026-04-07 10:20:29] Expired messages: 0
[2026-04-07 10:20:29] Recent messages count: 10
[2026-04-07 10:20:29] Message stats count: 13
[2026-04-07 10:20:29] User growth data count: 0
[2026-04-07 10:20:29] Message status data count: 4
[2026-04-07 10:20:29] Daily messages data count: 0
[2026-04-07 10:20:29] Users by type data count: 12
[2026-04-07 10:20:29] Top users count: 5
[2026-04-07 10:20:29] Response stats - DATA: Array
(
    [total_messages] => 0
    [responded] => 
    [response_rate] => 
)

[2026-04-07 10:20:29] === CHECKING EXPORT PARAMETERS ===
[2026-04-07 10:20:29] GET export parameter: NOT SET
[2026-04-07 10:20:29] No export parameter detected, rendering normal dashboard
[2026-04-07 10:20:29] === SCRIPT END ===
[2026-04-07 19:16:28] === SCRIPT START ===
[2026-04-07 19:16:28] Request URI: /responsive-message-app/modules/admin/dashboard.php
[2026-04-07 19:16:28] Request Method: GET
[2026-04-07 19:16:28] GET Parameters: Array
(
)

[2026-04-07 19:16:28] Core files loaded
[2026-04-07 19:16:29] Auth check passed
[2026-04-07 19:16:29] User session data - DATA: Array
(
    [user_type] => Admin
    [privilege_level] => Full_Access
    [session_id] => gr18a4daqrpoo7pg6cog9klhlo
    [session_data] => Array
        (
            [last_regeneration] => 1775564183
            [csrf_token] => db7cbf9eab4b061d5f717364ef614c9f634ed1bb95c4219d4b12bfe8792a7e97
            [login_attempts] => 0
            [user_id] => 1
            [username] => admin
            [user_type] => Admin
            [nama_lengkap] => Administrator Sistem
            [email] => admin@smkn12jakarta.sch.id
            [nis_nip] => ADM001
            [kelas] => 
            [jurusan] => 
            [mata_pelajaran] => 
            [privilege_level] => Full_Access
            [phone_number] => 081234567890
            [avatar] => default-avatar.png
            [login_time] => 1775564189
        )

)

[2026-04-07 19:16:29] Library check - DATA: Array
(
    [pdf_library_available] => YES
    [pdf_path] => C:\xampp\htdocs\responsive-message-app\vendor\fpdf\fpdf.php
    [excel_library_available] => YES
    [excel_path] => C:\xampp\htdocs\responsive-message-app\vendor\phpoffice\phpspreadsheet\src\PhpSpreadsheet\Spreadsheet.php
    [vendor_autoload_exists] => YES
)

[2026-04-07 19:16:29] Attempting database connection
[2026-04-07 19:16:29] Database connected successfully
[2026-04-07 19:16:29] Total users: 60
[2026-04-07 19:16:29] Total messages: 10
[2026-04-07 19:16:29] Pending messages: 1
[2026-04-07 19:16:29] Expired messages: 0
[2026-04-07 19:16:29] Recent messages count: 10
[2026-04-07 19:16:29] Message stats count: 13
[2026-04-07 19:16:29] User growth data count: 0
[2026-04-07 19:16:29] Message status data count: 4
[2026-04-07 19:16:29] Daily messages data count: 0
[2026-04-07 19:16:29] Users by type data count: 12
[2026-04-07 19:16:29] Top users count: 5
[2026-04-07 19:16:29] Response stats - DATA: Array
(
    [total_messages] => 0
    [responded] => 
    [response_rate] => 
)

[2026-04-07 19:16:29] === CHECKING EXPORT PARAMETERS ===
[2026-04-07 19:16:29] GET export parameter: NOT SET
[2026-04-07 19:16:29] No export parameter detected, rendering normal dashboard
[2026-04-07 19:16:29] === SCRIPT END ===
[2026-04-07 19:59:30] === SCRIPT START ===
[2026-04-07 19:59:30] Request URI: /responsive-message-app/modules/admin/dashboard.php
[2026-04-07 19:59:30] Request Method: GET
[2026-04-07 19:59:30] GET Parameters: Array
(
)

[2026-04-07 19:59:30] Core files loaded
[2026-04-07 19:59:30] Auth check passed
[2026-04-07 19:59:30] User session data - DATA: Array
(
    [user_type] => Admin
    [privilege_level] => Full_Access
    [session_id] => 2jdhqf6rgeh6m230f34431i7ft
    [session_data] => Array
        (
            [last_regeneration] => 1775566764
            [csrf_token] => db7cbf9eab4b061d5f717364ef614c9f634ed1bb95c4219d4b12bfe8792a7e97
            [login_attempts] => 0
            [user_id] => 1
            [username] => admin
            [user_type] => Admin
            [nama_lengkap] => Administrator Sistem
            [email] => admin@smkn12jakarta.sch.id
            [nis_nip] => ADM001
            [kelas] => 
            [jurusan] => 
            [mata_pelajaran] => 
            [privilege_level] => Full_Access
            [phone_number] => 081234567890
            [avatar] => default-avatar.png
            [login_time] => 1775566770
        )

)

[2026-04-07 19:59:30] Library check - DATA: Array
(
    [pdf_library_available] => YES
    [pdf_path] => C:\xampp\htdocs\responsive-message-app\vendor\fpdf\fpdf.php
    [excel_library_available] => YES
    [excel_path] => C:\xampp\htdocs\responsive-message-app\vendor\phpoffice\phpspreadsheet\src\PhpSpreadsheet\Spreadsheet.php
    [vendor_autoload_exists] => YES
)

[2026-04-07 19:59:30] Attempting database connection
[2026-04-07 19:59:30] Database connected successfully
[2026-04-07 19:59:30] Total users: 60
[2026-04-07 19:59:30] Total messages: 10
[2026-04-07 19:59:30] Pending messages: 1
[2026-04-07 19:59:30] Expired messages: 0
[2026-04-07 19:59:30] Recent messages count: 10
[2026-04-07 19:59:30] Message stats count: 13
[2026-04-07 19:59:30] User growth data count: 0
[2026-04-07 19:59:30] Message status data count: 4
[2026-04-07 19:59:30] Daily messages data count: 0
[2026-04-07 19:59:30] Users by type data count: 12
[2026-04-07 19:59:30] Top users count: 5
[2026-04-07 19:59:30] Response stats - DATA: Array
(
    [total_messages] => 0
    [responded] => 
    [response_rate] => 
)

[2026-04-07 19:59:30] === CHECKING EXPORT PARAMETERS ===
[2026-04-07 19:59:30] GET export parameter: NOT SET
[2026-04-07 19:59:30] No export parameter detected, rendering normal dashboard
[2026-04-07 19:59:30] === SCRIPT END ===
[2026-04-07 20:00:22] === SCRIPT START ===
[2026-04-07 20:00:22] Request URI: /responsive-message-app/modules/admin/dashboard.php
[2026-04-07 20:00:22] Request Method: GET
[2026-04-07 20:00:22] GET Parameters: Array
(
)

[2026-04-07 20:00:22] Core files loaded
[2026-04-07 20:00:22] Auth check passed
[2026-04-07 20:00:22] User session data - DATA: Array
(
    [user_type] => Admin
    [privilege_level] => Full_Access
    [session_id] => 2jdhqf6rgeh6m230f34431i7ft
    [session_data] => Array
        (
            [last_regeneration] => 1775566764
            [csrf_token] => db7cbf9eab4b061d5f717364ef614c9f634ed1bb95c4219d4b12bfe8792a7e97
            [login_attempts] => 0
            [user_id] => 1
            [username] => admin
            [user_type] => Admin
            [nama_lengkap] => Administrator Sistem
            [email] => admin@smkn12jakarta.sch.id
            [nis_nip] => ADM001
            [kelas] => 
            [jurusan] => 
            [mata_pelajaran] => 
            [privilege_level] => Full_Access
            [phone_number] => 081234567890
            [avatar] => default-avatar.png
            [login_time] => 1775566822
        )

)

[2026-04-07 20:00:22] Library check - DATA: Array
(
    [pdf_library_available] => YES
    [pdf_path] => C:\xampp\htdocs\responsive-message-app\vendor\fpdf\fpdf.php
    [excel_library_available] => YES
    [excel_path] => C:\xampp\htdocs\responsive-message-app\vendor\phpoffice\phpspreadsheet\src\PhpSpreadsheet\Spreadsheet.php
    [vendor_autoload_exists] => YES
)

[2026-04-07 20:00:22] Attempting database connection
[2026-04-07 20:00:22] Database connected successfully
[2026-04-07 20:00:22] Total users: 60
[2026-04-07 20:00:22] Total messages: 10
[2026-04-07 20:00:22] Pending messages: 1
[2026-04-07 20:00:22] Expired messages: 0
[2026-04-07 20:00:22] Recent messages count: 10
[2026-04-07 20:00:22] Message stats count: 13
[2026-04-07 20:00:22] User growth data count: 0
[2026-04-07 20:00:22] Message status data count: 4
[2026-04-07 20:00:22] Daily messages data count: 0
[2026-04-07 20:00:22] Users by type data count: 12
[2026-04-07 20:00:22] Top users count: 5
[2026-04-07 20:00:22] Response stats - DATA: Array
(
    [total_messages] => 0
    [responded] => 
    [response_rate] => 
)

[2026-04-07 20:00:22] === CHECKING EXPORT PARAMETERS ===
[2026-04-07 20:00:22] GET export parameter: NOT SET
[2026-04-07 20:00:22] No export parameter detected, rendering normal dashboard
[2026-04-07 20:00:22] === SCRIPT END ===
[2026-04-07 20:12:32] === SCRIPT START ===
[2026-04-07 20:12:32] Request URI: /responsive-message-app/modules/admin/dashboard.php
[2026-04-07 20:12:32] Request Method: GET
[2026-04-07 20:12:32] GET Parameters: Array
(
)

[2026-04-07 20:12:32] Core files loaded
[2026-04-07 20:12:32] Auth check passed
[2026-04-07 20:12:32] User session data - DATA: Array
(
    [user_type] => Admin
    [privilege_level] => Full_Access
    [session_id] => qqncd1skdsdmhc0meaqpf1c5na
    [session_data] => Array
        (
            [last_regeneration] => 1775567552
            [csrf_token] => db7cbf9eab4b061d5f717364ef614c9f634ed1bb95c4219d4b12bfe8792a7e97
            [login_attempts] => 0
            [user_id] => 1
            [username] => admin
            [user_type] => Admin
            [nama_lengkap] => Administrator Sistem
            [email] => admin@smkn12jakarta.sch.id
            [nis_nip] => ADM001
            [kelas] => 
            [jurusan] => 
            [mata_pelajaran] => 
            [privilege_level] => Full_Access
            [phone_number] => 081234567890
            [avatar] => default-avatar.png
            [login_time] => 1775567552
        )

)

[2026-04-07 20:12:32] Library check - DATA: Array
(
    [pdf_library_available] => YES
    [pdf_path] => C:\xampp\htdocs\responsive-message-app\vendor\fpdf\fpdf.php
    [excel_library_available] => YES
    [excel_path] => C:\xampp\htdocs\responsive-message-app\vendor\phpoffice\phpspreadsheet\src\PhpSpreadsheet\Spreadsheet.php
    [vendor_autoload_exists] => YES
)

[2026-04-07 20:12:32] Attempting database connection
[2026-04-07 20:12:32] Database connected successfully
[2026-04-07 20:12:32] Total users: 60
[2026-04-07 20:12:32] Total messages: 10
[2026-04-07 20:12:32] Pending messages: 1
[2026-04-07 20:12:32] Expired messages: 0
[2026-04-07 20:12:32] Recent messages count: 10
[2026-04-07 20:12:32] Message stats count: 13
[2026-04-07 20:12:32] User growth data count: 0
[2026-04-07 20:12:32] Message status data count: 4
[2026-04-07 20:12:32] Daily messages data count: 0
[2026-04-07 20:12:32] Users by type data count: 12
[2026-04-07 20:12:32] Top users count: 5
[2026-04-07 20:12:32] Response stats - DATA: Array
(
    [total_messages] => 0
    [responded] => 
    [response_rate] => 
)

[2026-04-07 20:12:32] === CHECKING EXPORT PARAMETERS ===
[2026-04-07 20:12:32] GET export parameter: NOT SET
[2026-04-07 20:12:32] No export parameter detected, rendering normal dashboard
[2026-04-07 20:12:32] === SCRIPT END ===
[2026-04-07 20:29:39] === SCRIPT START ===
[2026-04-07 20:29:39] Request URI: /responsive-message-app/modules/admin/dashboard.php
[2026-04-07 20:29:39] Request Method: GET
[2026-04-07 20:29:39] GET Parameters: Array
(
)

[2026-04-07 20:29:40] Core files loaded
[2026-04-07 20:29:40] Auth check passed
[2026-04-07 20:29:40] User session data - DATA: Array
(
    [user_type] => Admin
    [privilege_level] => Full_Access
    [session_id] => 3jdpgoe6upphod3le5ss12m8jt
    [session_data] => Array
        (
            [last_regeneration] => 1775568579
            [csrf_token] => db7cbf9eab4b061d5f717364ef614c9f634ed1bb95c4219d4b12bfe8792a7e97
            [login_attempts] => 0
            [user_id] => 1
            [username] => admin
            [user_type] => Admin
            [nama_lengkap] => Administrator Sistem
            [email] => admin@smkn12jakarta.sch.id
            [nis_nip] => ADM001
            [kelas] => 
            [jurusan] => 
            [mata_pelajaran] => 
            [privilege_level] => Full_Access
            [phone_number] => 081234567890
            [avatar] => default-avatar.png
            [login_time] => 1775568580
        )

)

[2026-04-07 20:29:40] Library check - DATA: Array
(
    [pdf_library_available] => YES
    [pdf_path] => C:\xampp\htdocs\responsive-message-app\vendor\fpdf\fpdf.php
    [excel_library_available] => YES
    [excel_path] => C:\xampp\htdocs\responsive-message-app\vendor\phpoffice\phpspreadsheet\src\PhpSpreadsheet\Spreadsheet.php
    [vendor_autoload_exists] => YES
)

[2026-04-07 20:29:40] Attempting database connection
[2026-04-07 20:29:40] Database connected successfully
[2026-04-07 20:29:40] Total users: 60
[2026-04-07 20:29:40] Total messages: 10
[2026-04-07 20:29:40] Pending messages: 1
[2026-04-07 20:29:40] Expired messages: 0
[2026-04-07 20:29:40] Recent messages count: 10
[2026-04-07 20:29:40] Message stats count: 13
[2026-04-07 20:29:40] User growth data count: 0
[2026-04-07 20:29:40] Message status data count: 4
[2026-04-07 20:29:40] Daily messages data count: 0
[2026-04-07 20:29:40] Users by type data count: 12
[2026-04-07 20:29:40] Top users count: 5
[2026-04-07 20:29:40] Response stats - DATA: Array
(
    [total_messages] => 0
    [responded] => 
    [response_rate] => 
)

[2026-04-07 20:29:40] === CHECKING EXPORT PARAMETERS ===
[2026-04-07 20:29:40] GET export parameter: NOT SET
[2026-04-07 20:29:40] No export parameter detected, rendering normal dashboard
[2026-04-07 20:29:40] === SCRIPT END ===
