[2026-05-17 11:42:54] === ADMIN DASHBOARD START ===
[2026-05-17 11:42:54] Session ID: 8748da88432e3058fa83115f8cbaa487
[2026-05-17 11:42:54] Session data: Array
(
    [last_regeneration] => 1778992959
    [form_unique_id] => ce368667d834e71a96f21efd322d24d7
    [processed_messages] => Array
        (
        )

    [csrf_token] => 69f6a9bb0a91de85e9edecd8e3b6b540f4b39323c551215bbb75cca0840b780a
    [login_attempts] => 0
    [user_id] => 1
    [username] => admin
    [user_type] => Admin
    [nama_lengkap] => Administrator Sistem
    [email] => admin@smkn12jakarta.sch.id
    [nis_nip] => ADM001
    [kelas] => 
    [jurusan] => 
    [mata_pelajaran] => 
    [privilege_level] => Full_Access
    [phone_number] => 81234567890
    [avatar] => default-avatar.png
    [login_time] => 1778992973
)

[2026-05-17 11:42:54] Message period: 30days (30 days)
[2026-05-17 11:42:54] User period: 30days (30 days)
[2026-05-17 11:42:54] Is logged in: YES
[2026-05-17 11:42:54] Is admin: YES
[2026-05-17 11:42:54] CSRF token generated: 69f6a9bb0a...
[2026-05-17 11:42:54] Core files loaded
[2026-05-17 11:42:54] Library check - DATA: Array
(
    [pdf_library_available] => YES
    [pdf_path] => C:\FlyEnv-Data\app\apache-2.4.67\Apache24\htdocs\responsive-message-app\vendor\fpdf\fpdf.php
    [excel_library_available] => YES
    [excel_path] => C:\FlyEnv-Data\app\apache-2.4.67\Apache24\htdocs\responsive-message-app\vendor\phpoffice\phpspreadsheet\src\PhpSpreadsheet\Spreadsheet.php
    [vendor_autoload_exists] => YES
)

[2026-05-17 11:42:54] Attempting database connection
[2026-05-17 11:42:54] Database connected successfully
[2026-05-17 11:42:54] Total users: 60
[2026-05-17 11:42:54] Total messages: 10
[2026-05-17 11:42:54] Pending messages: 1
[2026-05-17 11:42:54] Expired messages: 0
[2026-05-17 11:42:54] Recent messages count: 10
[2026-05-17 11:42:54] Message stats count: 13
[2026-05-17 11:42:54] Daily messages data count: 0 for period: 30days
[2026-05-17 11:42:54] Message status data count: 4
[2026-05-17 11:42:54] User growth data count: 0 for period: 30days
[2026-05-17 11:42:54] Users by type data count: 12
[2026-05-17 11:42:54] Top users count: 5
[2026-05-17 11:42:54] Response stats - DATA: Array
(
    [total_messages] => 0
    [responded] => 
    [response_rate] => 
)

[2026-05-17 11:42:54] === CHECKING EXPORT PARAMETERS ===
[2026-05-17 11:42:54] GET export parameter: NOT SET
[2026-05-17 11:42:54] No export parameter detected, rendering normal dashboard
[2026-05-17 11:42:55] === SCRIPT END ===
