[2026-04-13 13:28:55] === SCRIPT START ===
[2026-04-13 13:28:55] Request URI: /responsive-message-app/modules/admin/dashboard.php
[2026-04-13 13:28:55] Request Method: GET
[2026-04-13 13:28:55] GET Parameters: Array
(
)

[2026-04-13 13:28:56] Core files loaded
[2026-04-13 18:53:34] === SCRIPT START ===
[2026-04-13 18:53:34] Request URI: /responsive-message-app/modules/admin/dashboard.php
[2026-04-13 18:53:34] Request Method: GET
[2026-04-13 18:53:34] GET Parameters: Array
(
)

[2026-04-13 18:53:58] === SCRIPT START ===
[2026-04-13 18:53:58] Request URI: /responsive-message-app/modules/admin/dashboard.php
[2026-04-13 18:53:58] Request Method: GET
[2026-04-13 18:53:58] GET Parameters: Array
(
)

[2026-04-13 18:53:58] Core files loaded
[2026-04-13 18:53:58] Auth check passed
[2026-04-13 18:53:58] User session data - DATA: Array
(
    [user_type] => Admin
    [privilege_level] => Full_Access
    [session_id] => kebusspmefs5re297q0g8u65c5
    [session_data] => Array
        (
            [last_regeneration] => 1776081211
            [csrf_token] => 2c2f899e55d5e79723c6221a9096c372d9d6038b3554d9688997a719a1923396
            [login_attempts] => 0
            [user_id] => 1
            [username] => admin
            [user_type] => Admin
            [nama_lengkap] => Administrator Sistem
            [email] => admin@smkn12jakarta.sch.id
            [nis_nip] => ADM001
            [kelas] => 
            [jurusan] => 
            [mata_pelajaran] => 
            [privilege_level] => Full_Access
            [phone_number] => 081234567890
            [avatar] => default-avatar.png
            [login_time] => 1776081238
        )

)

[2026-04-13 18:53:58] Library check - DATA: Array
(
    [pdf_library_available] => YES
    [pdf_path] => C:\xampp\htdocs\responsive-message-app\vendor\fpdf\fpdf.php
    [excel_library_available] => YES
    [excel_path] => C:\xampp\htdocs\responsive-message-app\vendor\phpoffice\phpspreadsheet\src\PhpSpreadsheet\Spreadsheet.php
    [vendor_autoload_exists] => YES
)

[2026-04-13 18:53:58] Attempting database connection
[2026-04-13 18:53:58] Database connected successfully
[2026-04-13 18:53:58] Total users: 60
[2026-04-13 18:53:58] Total messages: 10
[2026-04-13 18:53:58] Pending messages: 1
[2026-04-13 18:53:58] Expired messages: 0
[2026-04-13 18:53:58] Recent messages count: 10
[2026-04-13 18:53:58] Message stats count: 13
[2026-04-13 18:53:58] User growth data count: 0
[2026-04-13 18:53:58] Message status data count: 4
[2026-04-13 18:53:58] Daily messages data count: 0
[2026-04-13 18:53:58] Users by type data count: 12
[2026-04-13 18:53:58] Top users count: 5
[2026-04-13 18:53:58] Response stats - DATA: Array
(
    [total_messages] => 0
    [responded] => 
    [response_rate] => 
)

[2026-04-13 18:53:58] === CHECKING EXPORT PARAMETERS ===
[2026-04-13 18:53:58] GET export parameter: NOT SET
[2026-04-13 18:53:58] No export parameter detected, rendering normal dashboard
[2026-04-13 18:53:58] === SCRIPT END ===
