[2026-05-23 08:11:41] === ADMIN DASHBOARD START ===
[2026-05-23 08:11:41] Session ID: 34021b5f3305ba4be2bba892c4374ca3
[2026-05-23 08:11:41] Session data: Array
(
)

[2026-05-23 08:11:41] Message period: 30days (30 days)
[2026-05-23 08:11:41] User period: 30days (30 days)
[2026-05-23 08:11:41] Is logged in: NO
[2026-05-23 08:11:41] Is admin: NO
[2026-05-23 08:11:41] User not logged in, redirecting to login
[2026-05-23 08:11:48] === ADMIN DASHBOARD START ===
[2026-05-23 08:11:48] Session ID: 34021b5f3305ba4be2bba892c4374ca3
[2026-05-23 08:11:48] Session data: Array
(
    [last_regeneration] => 1779498701
    [csrf_token] => 6220b24d537d7538d7a515a46cc00d97af1d77b6a717b4468926f00fac8bf532
    [login_attempts] => 0
    [user_id] => 1
    [username] => admin
    [user_type] => Admin
    [nama_lengkap] => Administrator Sistem
    [email] => admin@smkn12jakarta.sch.id
    [nis_nip] => ADM001
    [kelas] => 
    [jurusan] => 
    [mata_pelajaran] => 
    [privilege_level] => Full_Access
    [phone_number] => 81234567890
    [avatar] => default-avatar.png
    [login_time] => 1779498708
)

[2026-05-23 08:11:48] Message period: 30days (30 days)
[2026-05-23 08:11:48] User period: 30days (30 days)
[2026-05-23 08:11:48] Is logged in: YES
[2026-05-23 08:11:48] Is admin: YES
[2026-05-23 08:11:48] CSRF token generated: 6220b24d53...
[2026-05-23 08:11:48] Core files loaded
[2026-05-23 08:11:48] Library check - DATA: Array
(
    [pdf_library_available] => YES
    [pdf_path] => C:\FlyEnv-Data\app\apache-2.4.67\Apache24\htdocs\responsive-message-app\vendor\fpdf\fpdf.php
    [excel_library_available] => YES
    [excel_path] => C:\FlyEnv-Data\app\apache-2.4.67\Apache24\htdocs\responsive-message-app\vendor\phpoffice\phpspreadsheet\src\PhpSpreadsheet\Spreadsheet.php
    [vendor_autoload_exists] => YES
)

[2026-05-23 08:11:48] Attempting database connection
[2026-05-23 08:11:48] Database connected successfully
[2026-05-23 08:11:48] Total users: 60
[2026-05-23 08:11:48] Total messages: 10
[2026-05-23 08:11:48] Pending messages: 1
[2026-05-23 08:11:48] Expired messages: 0
[2026-05-23 08:11:48] Recent messages count: 10
[2026-05-23 08:11:48] Message stats count: 13
[2026-05-23 08:11:48] Daily messages data count: 0 for period: 30days
[2026-05-23 08:11:48] Message status data count: 4
[2026-05-23 08:11:48] User growth data count: 0 for period: 30days
[2026-05-23 08:11:48] Users by type data count: 12
[2026-05-23 08:11:48] Top users count: 5
[2026-05-23 08:11:48] Response stats - DATA: Array
(
    [total_messages] => 0
    [responded] => 
    [response_rate] => 
)

[2026-05-23 08:11:48] === CHECKING EXPORT PARAMETERS ===
[2026-05-23 08:11:48] GET export parameter: NOT SET
[2026-05-23 08:11:48] No export parameter detected, rendering normal dashboard
[2026-05-23 08:11:48] === SCRIPT END ===
