[2026-04-18 11:16:39] === SCRIPT START ===
[2026-04-18 11:16:39] Request URI: /responsive-message-app/modules/admin/dashboard.php
[2026-04-18 11:16:39] Request Method: GET
[2026-04-18 11:16:39] GET Parameters: Array
(
)

[2026-04-18 11:16:40] Core files loaded
[2026-04-18 11:16:40] Auth check passed
[2026-04-18 11:16:40] User session data - DATA: Array
(
    [user_type] => Admin
    [privilege_level] => Full_Access
    [session_id] => bft68ba8fb37upa2nruaigi73n
    [session_data] => Array
        (
            [last_regeneration] => 1776485789
            [form_unique_id] => 3edefabe4dac34f801ddce82c7c8ffd8
            [processed_messages] => Array
                (
                )

            [csrf_token] => bbfdde50db93b4ae4b1f4286af07662c29e69d9e462540542d6764f2ee1cc832
            [login_attempts] => 0
            [user_id] => 1
            [username] => admin
            [user_type] => Admin
            [nama_lengkap] => Administrator Sistem
            [email] => admin@smkn12jakarta.sch.id
            [nis_nip] => ADM001
            [kelas] => 
            [jurusan] => 
            [mata_pelajaran] => 
            [privilege_level] => Full_Access
            [phone_number] => 081234567890
            [avatar] => default-avatar.png
            [login_time] => 1776485800
        )

)

[2026-04-18 11:16:40] Library check - DATA: Array
(
    [pdf_library_available] => YES
    [pdf_path] => C:\xampp\htdocs\responsive-message-app\vendor\fpdf\fpdf.php
    [excel_library_available] => YES
    [excel_path] => C:\xampp\htdocs\responsive-message-app\vendor\phpoffice\phpspreadsheet\src\PhpSpreadsheet\Spreadsheet.php
    [vendor_autoload_exists] => YES
)

[2026-04-18 11:16:40] Attempting database connection
[2026-04-18 11:16:40] Database connected successfully
[2026-04-18 11:16:40] Total users: 60
[2026-04-18 11:16:40] Total messages: 10
[2026-04-18 11:16:40] Pending messages: 1
[2026-04-18 11:16:40] Expired messages: 0
[2026-04-18 11:16:40] Recent messages count: 10
[2026-04-18 11:16:40] Message stats count: 13
[2026-04-18 11:16:40] User growth data count: 0
[2026-04-18 11:16:40] Message status data count: 4
[2026-04-18 11:16:40] Daily messages data count: 0
[2026-04-18 11:16:40] Users by type data count: 12
[2026-04-18 11:16:40] Top users count: 5
[2026-04-18 11:16:40] Response stats - DATA: Array
(
    [total_messages] => 0
    [responded] => 
    [response_rate] => 
)

[2026-04-18 11:16:40] === CHECKING EXPORT PARAMETERS ===
[2026-04-18 11:16:40] GET export parameter: NOT SET
[2026-04-18 11:16:40] No export parameter detected, rendering normal dashboard
[2026-04-18 11:16:40] === SCRIPT END ===
