[2026-04-05 17:41:07] === SCRIPT START ===
[2026-04-05 17:41:07] Request URI: /responsive-message-app/modules/admin/dashboard.php
[2026-04-05 17:41:07] Request Method: GET
[2026-04-05 17:41:07] GET Parameters: Array
(
)

[2026-04-05 17:41:07] Core files loaded
[2026-04-05 17:41:07] Auth check passed
[2026-04-05 17:41:07] User session data - DATA: Array
(
    [user_type] => Admin
    [privilege_level] => Full_Access
    [session_id] => 3qr779nidiknj6lab4u60u1of2
    [session_data] => Array
        (
            [last_regeneration] => 1775385662
            [form_unique_id] => bd3b7bb8704578061df2f737bb5ea92e
            [processed_messages] => Array
                (
                )

            [csrf_token] => 452cf2326770ccb4a0658954f71ad5f1e92fdad8234da7f66ed1908e16af8cd2
            [login_attempts] => 0
            [user_id] => 1
            [username] => admin
            [user_type] => Admin
            [nama_lengkap] => Administrator Sistem
            [email] => admin@smkn12jakarta.sch.id
            [nis_nip] => ADM001
            [kelas] => 
            [jurusan] => 
            [mata_pelajaran] => 
            [privilege_level] => Full_Access
            [phone_number] => 081234567890
            [avatar] => default-avatar.png
            [login_time] => 1775385667
        )

)

[2026-04-05 17:41:07] Library check - DATA: Array
(
    [pdf_library_available] => YES
    [pdf_path] => C:\xampp\htdocs\responsive-message-app\vendor\fpdf\fpdf.php
    [excel_library_available] => YES
    [excel_path] => C:\xampp\htdocs\responsive-message-app\vendor\phpoffice\phpspreadsheet\src\PhpSpreadsheet\Spreadsheet.php
    [vendor_autoload_exists] => YES
)

[2026-04-05 17:41:07] Attempting database connection
[2026-04-05 17:41:07] Database connected successfully
[2026-04-05 17:41:07] Total users: 60
[2026-04-05 17:41:07] Total messages: 10
[2026-04-05 17:41:07] Pending messages: 1
[2026-04-05 17:41:07] Expired messages: 0
[2026-04-05 17:41:07] Recent messages count: 10
[2026-04-05 17:41:07] Message stats count: 13
[2026-04-05 17:41:07] User growth data count: 0
[2026-04-05 17:41:07] Message status data count: 4
[2026-04-05 17:41:07] Daily messages data count: 0
[2026-04-05 17:41:07] Users by type data count: 12
[2026-04-05 17:41:07] Top users count: 5
[2026-04-05 17:41:07] Response stats - DATA: Array
(
    [total_messages] => 0
    [responded] => 
    [response_rate] => 
)

[2026-04-05 17:41:07] === CHECKING EXPORT PARAMETERS ===
[2026-04-05 17:41:07] GET export parameter: NOT SET
[2026-04-05 17:41:07] No export parameter detected, rendering normal dashboard
[2026-04-05 17:41:07] === SCRIPT END ===
[2026-04-05 19:01:54] === SCRIPT START ===
[2026-04-05 19:01:54] Request URI: /responsive-message-app/modules/admin/dashboard.php
[2026-04-05 19:01:54] Request Method: GET
[2026-04-05 19:01:54] GET Parameters: Array
(
)

[2026-04-05 19:01:54] Core files loaded
[2026-04-05 19:01:54] Auth check passed
[2026-04-05 19:01:54] User session data - DATA: Array
(
    [user_type] => Admin
    [privilege_level] => Full_Access
    [session_id] => eo4amco9eru807qjm66obeqmvo
    [session_data] => Array
        (
            [last_regeneration] => 1775390509
            [csrf_token] => 6387588573c7a31a1c10b6bd6cebb759516034b2fbffcc7a2d8bec874118ee5b
            [login_attempts] => 0
            [user_id] => 1
            [username] => admin
            [user_type] => Admin
            [nama_lengkap] => Administrator Sistem
            [email] => admin@smkn12jakarta.sch.id
            [nis_nip] => ADM001
            [kelas] => 
            [jurusan] => 
            [mata_pelajaran] => 
            [privilege_level] => Full_Access
            [phone_number] => 081234567890
            [avatar] => default-avatar.png
            [login_time] => 1775390514
        )

)

[2026-04-05 19:01:54] Library check - DATA: Array
(
    [pdf_library_available] => YES
    [pdf_path] => C:\xampp\htdocs\responsive-message-app\vendor\fpdf\fpdf.php
    [excel_library_available] => YES
    [excel_path] => C:\xampp\htdocs\responsive-message-app\vendor\phpoffice\phpspreadsheet\src\PhpSpreadsheet\Spreadsheet.php
    [vendor_autoload_exists] => YES
)

[2026-04-05 19:01:54] Attempting database connection
[2026-04-05 19:01:54] Database connected successfully
[2026-04-05 19:01:54] Total users: 60
[2026-04-05 19:01:54] Total messages: 10
[2026-04-05 19:01:54] Pending messages: 1
[2026-04-05 19:01:54] Expired messages: 0
[2026-04-05 19:01:54] Recent messages count: 10
[2026-04-05 19:01:54] Message stats count: 13
[2026-04-05 19:01:54] User growth data count: 0
[2026-04-05 19:01:54] Message status data count: 4
[2026-04-05 19:01:54] Daily messages data count: 0
[2026-04-05 19:01:54] Users by type data count: 12
[2026-04-05 19:01:54] Top users count: 5
[2026-04-05 19:01:54] Response stats - DATA: Array
(
    [total_messages] => 0
    [responded] => 
    [response_rate] => 
)

[2026-04-05 19:01:54] === CHECKING EXPORT PARAMETERS ===
[2026-04-05 19:01:54] GET export parameter: NOT SET
[2026-04-05 19:01:54] No export parameter detected, rendering normal dashboard
[2026-04-05 19:01:54] === SCRIPT END ===
