[2026-04-29 15:43:46] === SCRIPT START ===
[2026-04-29 15:43:46] Request URI: /responsive-message-app/modules/admin/dashboard.php
[2026-04-29 15:43:46] Request Method: GET
[2026-04-29 15:43:46] GET Parameters: Array
(
)

[2026-04-29 15:43:46] Core files loaded
[2026-04-29 15:43:46] Auth check passed
[2026-04-29 15:43:46] User session data - DATA: Array
(
    [user_type] => Admin
    [privilege_level] => Full_Access
    [session_id] => 09vqjh1oanlmmeph753oob81e8
    [session_data] => Array
        (
            [last_regeneration] => 1777452221
            [csrf_token] => fdb0fb69595c79969a14470c5716d378a8466c3d53c10da055c2a123708d42c2
            [login_attempts] => 0
            [user_id] => 1
            [username] => admin
            [user_type] => Admin
            [nama_lengkap] => Administrator Sistem
            [email] => admin@smkn12jakarta.sch.id
            [nis_nip] => ADM001
            [kelas] => 
            [jurusan] => 
            [mata_pelajaran] => 
            [privilege_level] => Full_Access
            [phone_number] => 81234567890
            [avatar] => default-avatar.png
            [login_time] => 1777452226
        )

)

[2026-04-29 15:43:46] Library check - DATA: Array
(
    [pdf_library_available] => YES
    [pdf_path] => C:\xampp\htdocs\responsive-message-app\vendor\fpdf\fpdf.php
    [excel_library_available] => YES
    [excel_path] => C:\xampp\htdocs\responsive-message-app\vendor\phpoffice\phpspreadsheet\src\PhpSpreadsheet\Spreadsheet.php
    [vendor_autoload_exists] => YES
)

[2026-04-29 15:43:46] Attempting database connection
[2026-04-29 15:43:46] Database connected successfully
[2026-04-29 15:43:46] Total users: 60
[2026-04-29 15:43:46] Total messages: 10
[2026-04-29 15:43:46] Pending messages: 1
[2026-04-29 15:43:46] Expired messages: 0
[2026-04-29 15:43:46] Recent messages count: 10
[2026-04-29 15:43:46] Message stats count: 13
[2026-04-29 15:43:46] User growth data count: 0
[2026-04-29 15:43:46] Message status data count: 4
[2026-04-29 15:43:46] Daily messages data count: 0
[2026-04-29 15:43:46] Users by type data count: 12
[2026-04-29 15:43:46] Top users count: 5
[2026-04-29 15:43:46] Response stats - DATA: Array
(
    [total_messages] => 0
    [responded] => 
    [response_rate] => 
)

[2026-04-29 15:43:46] === CHECKING EXPORT PARAMETERS ===
[2026-04-29 15:43:46] GET export parameter: NOT SET
[2026-04-29 15:43:46] No export parameter detected, rendering normal dashboard
[2026-04-29 15:43:46] === SCRIPT END ===
