[2026-04-27 09:49:14] === SCRIPT START ===
[2026-04-27 09:49:14] Request URI: /responsive-message-app/modules/admin/dashboard.php
[2026-04-27 09:49:14] Request Method: GET
[2026-04-27 09:49:14] GET Parameters: Array
(
)

[2026-04-27 09:49:14] Core files loaded
[2026-04-27 09:49:14] Auth check passed
[2026-04-27 09:49:14] User session data - DATA: Array
(
    [user_type] => Admin
    [privilege_level] => Full_Access
    [session_id] => umlvo0lm99bemgnttam8mnibg7
    [session_data] => Array
        (
            [last_regeneration] => 1777258147
            [csrf_token] => 6ac84219865b066dfd2f4b3efc83801e6dbfb01a4549708a7b6f1165b34a4dac
            [login_attempts] => 0
            [user_id] => 1
            [username] => admin
            [user_type] => Admin
            [nama_lengkap] => Administrator Sistem
            [email] => admin@smkn12jakarta.sch.id
            [nis_nip] => ADM001
            [kelas] => 
            [jurusan] => 
            [mata_pelajaran] => 
            [privilege_level] => Full_Access
            [phone_number] => 81234567890
            [avatar] => default-avatar.png
            [login_time] => 1777258154
        )

)

[2026-04-27 09:49:14] Library check - DATA: Array
(
    [pdf_library_available] => YES
    [pdf_path] => C:\xampp\htdocs\responsive-message-app\vendor\fpdf\fpdf.php
    [excel_library_available] => YES
    [excel_path] => C:\xampp\htdocs\responsive-message-app\vendor\phpoffice\phpspreadsheet\src\PhpSpreadsheet\Spreadsheet.php
    [vendor_autoload_exists] => YES
)

[2026-04-27 09:49:14] Attempting database connection
[2026-04-27 09:49:14] Database connected successfully
[2026-04-27 09:49:14] Total users: 60
[2026-04-27 09:49:14] Total messages: 10
[2026-04-27 09:49:14] Pending messages: 1
[2026-04-27 09:49:14] Expired messages: 0
[2026-04-27 09:49:30] DATABASE ERROR: SQLSTATE[HY000]: General error: 2006 MySQL server has gone away
[2026-04-27 09:49:30] Stack trace: #0 C:\xampp\htdocs\responsive-message-app\modules\admin\dashboard.php(115): PDO->query('\n        SELECT...')
#1 {main}
[2026-04-27 09:49:30] === CHECKING EXPORT PARAMETERS ===
[2026-04-27 09:49:30] GET export parameter: NOT SET
[2026-04-27 09:49:30] No export parameter detected, rendering normal dashboard
[2026-04-27 09:49:30] === SCRIPT END ===
